../Core/Src/main.c:65:6:Set_Direction	16	static
../Core/Src/main.c:73:6:RotateToSection	24	static
../Core/Src/main.c:102:6:ControlMotor	40	static
../Core/Src/main.c:126:10:calculate_pwm_from_angle	24	static
../Core/Src/main.c:135:6:control_servo	32	static
../Core/Src/main.c:157:6:control_stop_yuan	8	static
../Core/Src/main.c:164:6:control_stop	8	static
../Core/Src/main.c:171:6:get_ready	8	static
../Core/Src/main.c:178:6:catch	8	static
../Core/Src/main.c:185:6:lift_up	8	static
../Core/Src/main.c:197:5:main	8	static
../Core/Src/main.c:293:6:SystemClock_Config	88	static
../Core/Src/main.c:337:13:MX_TIM2_Init	48	static
../Core/Src/main.c:408:13:MX_TIM21_Init	48	static
../Core/Src/main.c:467:13:MX_GPIO_Init	48	static
../Core/Src/main.c:496:6:Error_Handler	8	static,ignoring_inline_asm
